exports[`test renders correctly 1`] = `
<ScrollView
  extraSpace={0}
  keyboardDismissMode="interactive"
  keyboardShouldPersistTaps="always"
  nodeHeight={64}
  showsVerticalScrollIndicator={false}
  tabFooter={0}>
  <View
    style={
      Object {
        "height": 0,
      }
    } />
</ScrollView>
`;
